https://slackware.uk/slackware/slackware64-14.2/slackware64/x/xorg-server-1.18.3-x86_64-2.txz
https://slackware.uk/slackware/slackware64-14.2/slackware64/x/xinit-1.3.4-x86_64-2.txz
https://slackware.uk/slackware/slackware64-14.2/slackware64/x/libxcb-1.11.1-x86_64-1.txz 
https://slackware.uk/slackware/slackware64-14.2/slackware64/x/libXau-1.0.8-x86_64-2.txz
https://slackware.uk/slackware/slackware64-14.2/slackware64/x/libXdmcp-1.1.2-x86_64-2.txz
https://slackware.uk/slackware/slackware64-14.2/slackware64/n/nettle-3.2-x86_64-1.txz
https://slackware.uk/slackware/slackware64-14.2/slackware64/x/libdrm-2.4.68-x86_64-1.txz
https://slackware.uk/slackware/slackware64-14.2/slackware64/x/libXfont-1.5.1-x86_64-2.txz
https://slackware.uk/slackware/slackware64-14.2/slackware64/l/harfbuzz-1.2.7-x86_64-1.txz
https://slackware.uk/slackware/slackware64-14.2/slackware64/l/freetype-2.6.3-x86_64-1.txz
https://slackware.uk/slackware/slackware64-14.2/slackware64/x/libfontenc-1.1.3-x86_64-1.txz
https://slackware.uk/slackware/slackware64-14.2/slackware64/x/libxshmfence-1.2-x86_64-2.txz
https://slackware.uk/slackware/slackware64-14.2/slackware64/x/xkeyboard-config-2.17-noarch-1.txz
https://slackware.uk/slackware/slackware64-14.2/slackware64/x/xkbcomp-1.3.0-x86_64-2.txz
https://slackware.uk/slackware/slackware64-14.2/slackware64/x/libxkbfile-1.0.9-x86_64-1.txz
https://slackware.uk/slackware/slackware64-14.2/slackware64/x/xterm-325-x86_64-1.txz
https://slackware.uk/slackware/slackware64-14.2/slackware64/x/libXft-2.3.2-x86_64-3.txz
https://slackware.uk/slackware/slackware64-14.2/slackware64/x/fontconfig-2.11.1-x86_64-2.txz
https://slackware.uk/slackware/slackware64-14.2/slackware64/x/libXaw-1.0.13-x86_64-1.txz
https://slackware.uk/slackware/slackware64-14.2/slackware64/x/libXmu-1.1.2-x86_64-2.txz
https://slackware.uk/slackware/slackware64-14.2/slackware64/x/libXt-1.1.5-x86_64-1.txz
https://slackware.uk/slackware/slackware64-14.2/slackware64/x/libXinerama-1.1.3-x86_64-2.txz
https://slackware.uk/slackware/slackware64-14.2/slackware64/x/libXpm-3.5.11-x86_64-2.txz
https://slackware.uk/slackware/slackware64-14.2/slackware64/x/libICE-1.0.9-x86_64-2.txz
https://slackware.uk/slackware/slackware64-14.2/slackware64/x/libXrender-0.9.9-x86_64-1.txz
https://slackware.uk/slackware/slackware64-14.2/slackware64/x/libXext-1.3.3-x86_64-2.txz
https://slackware.uk/slackware/slackware64-14.2/slackware64/x/libSM-1.2.2-x86_64-2.txz
https://slackware.uk/slackware/slackware64-14.2/slackware64/l/gtk+2-2.24.30-x86_64-1.txz
https://slackware.uk/slackware/slackware64-14.2/slackware64/l/atk-2.18.0-x86_64-1.txz
https://slackware.uk/slackware/slackware64-14.2/slackware64/l/gdk-pixbuf2-2.32.3-x86_64-1.txz
https://slackware.uk/slackware/slackware64-14.2/slackware64/l/pango-1.38.1-x86_64-1.txz
https://slackware.uk/slackware/slackware64-14.2/slackware64/x/libXi-1.7.6-x86_64-1.txz
https://slackware.uk/slackware/slackware64-14.2/slackware64/x/libXrandr-1.5.0-x86_64-1.txz
https://slackware.uk/slackware/slackware64-14.2/slackware64/x/libXcursor-1.1.14-x86_64-2.txz
https://slackware.uk/slackware/slackware64-14.2/slackware64/x/libXcomposite-0.4.4-x86_64-2.txz
https://slackware.uk/slackware/slackware64-14.2/slackware64/l/cairo-1.14.6-x86_64-2.txz
https://slackware.uk/slackware/slackware64-14.2/slackware64/x/mesa-11.2.2-x86_64-1.txz
https://slackware.uk/slackware/slackware64-14.2/slackware64/x/libXdamage-1.1.4-x86_64-2.txz
https://slackware.uk/slackware/slackware64-14.2/slackware64/x/libXv-1.0.10-x86_64-2.txz
https://slackware.uk/slackware/slackware64-14.2/slackware64/x/libXfixes-5.0.2-x86_64-1.txz
https://slackware.uk/slackware/slackware64-14.2/slackware64/x/libXxf86vm-1.1.4-x86_64-2.txz
https://slackware.uk/slackware/slackware64-14.2/slackware64/d/gdb-7.11.1-x86_64-1.txz
https://slackware.uk/slackware/slackware64-14.2/slackware64/d/python-2.7.11-x86_64-2.txz